Microchip MPLAB XC8 Compiler V2.10 ()

Linker command line:

-W-3 --edf=C:\Program Files (x86)\Microchip\xc8\v2.10\pic\dat\en_msgs.txt \
  -cs -h+dist/default/debug\finaltest.X.debug.sym \
  --cmf=dist/default/debug\finaltest.X.debug.cmf -z -Q18F4520 \
  -oC:\Users\jeff8\AppData\Local\Temp\sbf4.2 --defsym=__MPLAB_BUILD=1 \
  -Mdist/default/debug/finaltest.X.debug.map -E1 -ver=XC8 --acfsm=1493 \
  -ASTACK=086h-05F3h -pstack=STACK -ACODE=00h-07DBFh -ACONST=00h-07DBFh \
  -ASMALLCONST=0600h-06FFhx119,07D00h-07DBFh -AMEDIUMCONST=0600h-07DBFh \
  -ACOMRAM=01h-07Fh -AABS1=00h-05F3h -ABIGRAM=01h-05F3h \
  -ARAM=080h-0FFh,0100h-01FFhx4,0500h-05F3h -ABANK0=080h-0FFh \
  -ABANK1=0100h-01FFh -ABANK2=0200h-02FFh -ABANK3=0300h-03FFh \
  -ABANK4=0400h-04FFh -ABANK5=0500h-05F3h \
  -ASFR=0F80h-0F9Bh,0F9Dh-0FD3h,0FD5h-0FDAh,0FE0h-0FE2h,0FE8h-0FEAh,0FF0h-0FFCh \
  -preset_vec=00h,intcode=08h,intcodelo,powerup,init -pramtop=0600h \
  -psmallconst=SMALLCONST -pmediumconst=MEDIUMCONST -pconst=CONST \
  -AFARRAM=00h-00h -ACONFIG=0300000h-030000Dh -pconfig=CONFIG \
  -AIDLOC=0200000h-0200007h -pidloc=IDLOC -AEEDATA=0F00000h-0F000FFh \
  -peeprom_data=EEDATA \
  -prdata=COMRAM,nvrram=COMRAM,nvbit=COMRAM,rbss=COMRAM,rbit=COMRAM \
  -pfarbss=FARRAM,fardata=FARRAM,nvFARRAM=FARRAM \
  -pintsave_regs=BIGRAM,bigbss=BIGRAM,bigdata=BIGRAM -pbss=RAM \
  -pidata=CODE,irdata=CODE,ibigdata=CODE,ifardata=CODE -prparam=COMRAM \
  C:\Users\jeff8\AppData\Local\Temp\sbf4.o \
  dist/default/debug\finaltest.X.debug.o 

Object code version is 3.11

Machine type is 18F4520

Call graph: (short form)




                Name                               Link     Load   Length Selector   Space Scale
C:\Users\jeff8\AppData\Local\Temp\sbf4.o
                init                                  E        E        4        4       0
                reset_vec                             0        0        4        0       0
                idloc                            200000   200000        8   200000       0
                config                           300000   300000        E   300000       0
dist/default/debug\finaltest.X.debug.o
                intcode                               8        8        6        4       0
                temp                                 6D       6D        1        1       1
                smallconst                          600      600        C      300       0
                text16                             1B5A     1B5A       74      306       0
                text15                             1C98     1C98       64      306       0
                text14                             1854     1854       FA      306       0
                text13                             1A1A     1A1A       CC      306       0
                intcode_body                       1BCE     1BCE       66      306       0
                text11                              60C      60C      4C0      306       0
                text10                              EF6      EF6      39A      306       0
                text9                               ACC      ACC      42A      306       0
                text8                              1556     1556      106      306       0
                text7                              1290     1290      1B4      306       0
                text6                              165C     165C       FE      306       0
                text5                              1AE6     1AE6       74      306       0
                text4                              1C34     1C34       64      306       0
                text3                              175A     175A       FA      306       0
                text2                              1CFC     1CFC       4A      306       0
                text1                              194E     194E       CC      306       0
                text0                              1444     1444      112      306       0
                cstackCOMRAM                          1        1       56        1       1
                cstackBANK0                          80       80        6       80       1
                bssCOMRAM                            57       57       16        1       1
                cinit                              1D46     1D46       1E      306       0

TOTAL           Name                               Link     Load   Length     Space
        CLASS   STACK          

        CLASS   CODE           
                intcode                               8        8        6         0
                init                                  E        E        4         0
                reset_vec                             0        0        4         0
                text16                             1B5A     1B5A       74         0
                text15                             1C98     1C98       64         0
                text14                             1854     1854       FA         0
                text13                             1A1A     1A1A       CC         0
                intcode_body                       1BCE     1BCE       66         0
                text11                              60C      60C      4C0         0
                text10                              EF6      EF6      39A         0
                text9                               ACC      ACC      42A         0
                text8                              1556     1556      106         0
                text7                              1290     1290      1B4         0
                text6                              165C     165C       FE         0
                text5                              1AE6     1AE6       74         0
                text4                              1C34     1C34       64         0
                text3                              175A     175A       FA         0
                text2                              1CFC     1CFC       4A         0
                text1                              194E     194E       CC         0
                text0                              1444     1444      112         0
                cinit                              1D46     1D46       1E         0

        CLASS   CONST          

        CLASS   SMALLCONST     
                smallconst                          600      600        C         0

        CLASS   MEDIUMCONST    

        CLASS   COMRAM         
                temp                                 6D       6D        1         1
                cstackCOMRAM                          1        1       56         1
                bssCOMRAM                            57       57       16         1

        CLASS   ABS1           

        CLASS   BIGRAM         

        CLASS   RAM            

        CLASS   BANK0          
                cstackBANK0                          80       80        6         1

        CLASS   BANK1          

        CLASS   BANK2          

        CLASS   BANK3          

        CLASS   BANK4          

        CLASS   BANK5          

        CLASS   SFR            

        CLASS   FARRAM         

        CLASS   CONFIG         
                config                           300000   300000        E         0

        CLASS   IDLOC          
                idloc                            200000   200000        8         0

        CLASS   EEDATA         



SEGMENTS        Name                           Load    Length   Top    Selector   Space  Class

                reset_vec                      000000  000004  000004         0       0  CODE    
                cstackCOMRAM                   000001  00006D  00006E         1       1  COMRAM  
                intcode                        000008  00000A  000012         4       0  CODE    
                cstackBANK0                    000080  000006  000086        80       1  BANK0   
                smallconst                     000600  00000C  00060C       300       0  SMALLCON
                text11                         00060C  001758  001D64       306       0  CODE    
                idloc                          200000  000008  200008    200000       0  IDLOC   
                config                         300000  00000E  30000E    300000       0  CONFIG  


UNUSED ADDRESS RANGES

        Name                Unused          Largest block    Delta
        BANK0            000086-0000FF               7A
        BANK1            000100-0001FF              100
        BANK2            000200-0002FF              100
        BANK3            000300-0003FF              100
        BANK4            000400-0004FF              100
        BANK5            000500-0005F3               F4
        BIGRAM           00006E-00007F               12
                         000086-0005F3              56E
        CODE             000004-000007                4
                         000012-0005FF              5EE
                         001D64-007DBF             605C
        COMRAM           00006E-00007F               12
        CONST            000004-000007                4
                         000012-0005FF              5EE
                         001D64-007DBF             605C
        EEDATA           F00000-F000FF              100
        MEDIUMCONST      001D64-007DBF             605C
        RAM              000086-0005F3              100
        SFR              000F80-000F9B               1C
                         000F9D-000FD3               37
                         000FD5-000FDA                6
                         000FE0-000FE2                3
                         000FE8-000FEA                3
                         000FF0-000FFC                D
        SMALLCONST       001D64-007DBF              100
        STACK            000086-0005F3              56E

                                  Symbol Table

?___fladd                    cstackCOMRAM 00001C
?___fldiv                    cstackCOMRAM 00000E
?___flmul                    cstackCOMRAM 00002C
?___fltol                    cstackCOMRAM 000045
?___lwdiv                    cstackCOMRAM 00000E
?___lwmod                    cstackCOMRAM 00000E
?___xxtofl                   cstackCOMRAM 00000E
?i2___lwdiv                  cstackCOMRAM 000001
?i2___lwmod                  cstackCOMRAM 000001
SetDutyCycleTo@Duty_cycle    cstackCOMRAM 00004F
SetDutyCycleTo@PWM10BitValue cstackBANK0  000084
SetDutyCycleTo@Period        cstackCOMRAM 000053
_ADCON0bits                  (abs)        000FC2
_ADCON1bits                  (abs)        000FC1
_CCP1CON                     (abs)        000FBD
_CCPR1L                      (abs)        000FBE
_CMCON                       (abs)        000FB4
_INTCON2                     (abs)        000FF1
_INTCONbits                  (abs)        000FF2
_ISR                         intcode      000008
_LATAbits                    (abs)        000F89
_LATD                        (abs)        000F8C
_OSCCON                      (abs)        000FD3
_PORTBbits                   (abs)        000F81
_PR2                         (abs)        000FCB
_RCONbits                    (abs)        000FD0
_SetDutyCycleTo              text6        00165C
_SetDutyCycleTo$1340         cstackBANK0  000080
_T2CON                       (abs)        000FCA
_T2CONbits                   (abs)        000FCA
_TMR2                        (abs)        000FCC
_TRISA                       (abs)        000F92
_TRISAbits                   (abs)        000F92
_TRISBbits                   (abs)        000F93
_TRISCbits                   (abs)        000F94
_TRISD                       (abs)        000F95
_TRISDbits                   (abs)        000F95
__CFG_BOREN$SBORDIS          (abs)        000000
__CFG_BORV$3                 (abs)        000000
__CFG_CCP2MX$PORTC           (abs)        000000
__CFG_CP0$OFF                (abs)        000000
__CFG_CP1$OFF                (abs)        000000
__CFG_CP2$OFF                (abs)        000000
__CFG_CP3$OFF                (abs)        000000
__CFG_CPB$OFF                (abs)        000000
__CFG_CPD$OFF                (abs)        000000
__CFG_EBTR0$OFF              (abs)        000000
__CFG_EBTR1$OFF              (abs)        000000
__CFG_EBTR2$OFF              (abs)        000000
__CFG_EBTR3$OFF              (abs)        000000
__CFG_EBTRB$OFF              (abs)        000000
__CFG_FCMEN$OFF              (abs)        000000
__CFG_IESO$OFF               (abs)        000000
__CFG_LPT1OSC$OFF            (abs)        000000
__CFG_LVP$OFF                (abs)        000000
__CFG_MCLRE$ON               (abs)        000000
__CFG_OSC$INTIO67            (abs)        000000
__CFG_PBADEN$OFF             (abs)        000000
__CFG_PWRT$OFF               (abs)        000000
__CFG_STVREN$ON              (abs)        000000
__CFG_WDT$OFF                (abs)        000000
__CFG_WDTPS$32768            (abs)        000000
__CFG_WRT0$OFF               (abs)        000000
__CFG_WRT1$OFF               (abs)        000000
__CFG_WRT2$OFF               (abs)        000000
__CFG_WRT3$OFF               (abs)        000000
__CFG_WRTB$OFF               (abs)        000000
__CFG_WRTC$OFF               (abs)        000000
__CFG_WRTD$OFF               (abs)        000000
__CFG_XINST$OFF              (abs)        000000
__HRAM                       (abs)        000000
__Habs1                      abs1         000000
__Hbank0                     bank0        000000
__Hbank1                     bank1        000000
__Hbank2                     bank2        000000
__Hbank3                     bank3        000000
__Hbank4                     bank4        000000
__Hbank5                     bank5        000000
__Hbigbss                    bigbss       000000
__Hbigdata                   bigdata      000000
__Hbigram                    bigram       000000
__Hbss                       bss          000000
__HbssCOMRAM                 bssCOMRAM    000000
__Hcinit                     cinit        000000
__Hclrtext                   clrtext      000000
__Hcomram                    comram       000000
__Hconfig                    config       30000E
__Hconst                     const        000000
__HcstackBANK0               cstackBANK0  000000
__HcstackCOMRAM              cstackCOMRAM 000000
__Hdata                      data         000000
__Heeprom_data               eeprom_data  000000
__Hfarbss                    farbss       000000
__Hfardata                   fardata      000000
__Hibigdata                  ibigdata     000000
__Hidata                     idata        000000
__Hidloc                     idloc        200008
__Hifardata                  ifardata     000000
__Hinit                      init         000012
__Hintcode                   intcode      00000E
__Hintcode_body              intcode_body 000000
__Hintcodelo                 intcodelo    00000E
__Hintentry                  intentry     000000
__Hintret                    intret       000000
__Hintsave_regs              intsave_regs 000000
__Hirdata                    irdata       000000
__Hmediumconst               mediumconst  000000
__HnvFARRAM                  nvFARRAM     000000
__Hnvbit                     nvbit        000000
__Hnvrram                    nvrram       000000
__Hparam                     rparam       000000
__Hpowerup                   powerup      00000E
__Hram                       ram          000000
__Hramtop                    ramtop       000600
__Hrbit                      rbit         000000
__Hrbss                      rbss         000000
__Hrdata                     rdata        000000
__Hreset_vec                 reset_vec    000004
__Hrparam                    rparam       000000
__Hsfr                       sfr          000000
__Hsmallconst                smallconst   00060C
__Hspace_0                   (abs)        30000E
__Hspace_1                   (abs)        000086
__Hspace_2                   (abs)        000000
__Hstack                     stack        000000
__Hstruct                    struct       000000
__Htemp                      temp         00006E
__Htext                      text         000000
__Htext0                     text0        000000
__Htext1                     text1        000000
__Htext10                    text10       000000
__Htext11                    text11       000000
__Htext13                    text13       000000
__Htext14                    text14       000000
__Htext15                    text15       000000
__Htext16                    text16       000000
__Htext2                     text2        000000
__Htext3                     text3        000000
__Htext4                     text4        000000
__Htext5                     text5        000000
__Htext6                     text6        000000
__Htext7                     text7        000000
__Htext8                     text8        000000
__Htext9                     text9        000000
__LRAM                       (abs)        000001
__Labs1                      abs1         000000
__Lbank0                     bank0        000000
__Lbank1                     bank1        000000
__Lbank2                     bank2        000000
__Lbank3                     bank3        000000
__Lbank4                     bank4        000000
__Lbank5                     bank5        000000
__Lbigbss                    bigbss       000000
__Lbigdata                   bigdata      000000
__Lbigram                    bigram       000000
__Lbss                       bss          000000
__LbssCOMRAM                 bssCOMRAM    000000
__Lcinit                     cinit        000000
__Lclrtext                   clrtext      000000
__Lcomram                    comram       000000
__Lconfig                    config       300000
__Lconst                     const        000000
__LcstackBANK0               cstackBANK0  000000
__LcstackCOMRAM              cstackCOMRAM 000000
__Ldata                      data         000000
__Leeprom_data               eeprom_data  000000
__Lfarbss                    farbss       000000
__Lfardata                   fardata      000000
__Libigdata                  ibigdata     000000
__Lidata                     idata        000000
__Lidloc                     idloc        200000
__Lifardata                  ifardata     000000
__Linit                      init         00000E
__Lintcode                   intcode      000008
__Lintcode_body              intcode_body 000000
__Lintcodelo                 intcodelo    00000E
__Lintentry                  intentry     000000
__Lintret                    intret       000000
__Lintsave_regs              intsave_regs 000000
__Lirdata                    irdata       000000
__Lmediumconst               mediumconst  000000
__LnvFARRAM                  nvFARRAM     000000
__Lnvbit                     nvbit        000000
__Lnvrram                    nvrram       000000
__Lparam                     rparam       000000
__Lpowerup                   powerup      00000E
__Lram                       ram          000000
__Lramtop                    ramtop       000600
__Lrbit                      rbit         000000
__Lrbss                      rbss         000000
__Lrdata                     rdata        000000
__Lreset_vec                 reset_vec    000000
__Lrparam                    rparam       000000
__Lsfr                       sfr          000000
__Lsmallconst                smallconst   000600
__Lspace_0                   (abs)        000000
__Lspace_1                   (abs)        000000
__Lspace_2                   (abs)        000000
__Lstack                     stack        000000
__Lstruct                    struct       000000
__Ltemp                      temp         00006D
__Ltext                      text         000000
__Ltext0                     text0        000000
__Ltext1                     text1        000000
__Ltext10                    text10       000000
__Ltext11                    text11       000000
__Ltext13                    text13       000000
__Ltext14                    text14       000000
__Ltext15                    text15       000000
__Ltext16                    text16       000000
__Ltext2                     text2        000000
__Ltext3                     text3        000000
__Ltext4                     text4        000000
__Ltext5                     text5        000000
__Ltext6                     text6        000000
__Ltext7                     text7        000000
__Ltext8                     text8        000000
__Ltext9                     text9        000000
__S0                         (abs)        30000E
__S1                         (abs)        000086
__S2                         (abs)        000000
___fladd                     text11       00060C
___fladd@a                   cstackCOMRAM 000020
___fladd@aexp                cstackCOMRAM 000029
___fladd@b                   cstackCOMRAM 00001C
___fladd@bexp                cstackCOMRAM 00002A
___fladd@grs                 cstackCOMRAM 00002B
___fladd@signs               cstackCOMRAM 000028
___fldiv                     text10       000EF6
___fldiv@a                   cstackCOMRAM 000012
___fldiv@aexp                cstackCOMRAM 000026
___fldiv@b                   cstackCOMRAM 00000E
___fldiv@bexp                cstackCOMRAM 000025
___fldiv@grs                 cstackCOMRAM 000021
___fldiv@new_exp             cstackCOMRAM 00001F
___fldiv@rem                 cstackCOMRAM 00001A
___fldiv@sign                cstackCOMRAM 00001E
___flmul                     text9        000ACC
___flmul@a                   cstackCOMRAM 000030
___flmul@aexp                cstackCOMRAM 000039
___flmul@b                   cstackCOMRAM 00002C
___flmul@bexp                cstackCOMRAM 00003E
___flmul@grs                 cstackCOMRAM 00003A
___flmul@prod                cstackCOMRAM 00003F
___flmul@sign                cstackCOMRAM 000038
___flmul@temp                cstackCOMRAM 000043
___fltol                     text8        001556
___fltol@exp1                cstackCOMRAM 00004E
___fltol@f1                  cstackCOMRAM 000045
___fltol@sign1               cstackCOMRAM 00004D
___inthi_sp                  stack        000000
___intlo_sp                  stack        000000
___lwdiv                     text5        001AE6
___lwdiv@counter             cstackCOMRAM 000014
___lwdiv@dividend            cstackCOMRAM 00000E
___lwdiv@divisor             cstackCOMRAM 000010
___lwdiv@quotient            cstackCOMRAM 000012
___lwmod                     text4        001C34
___lwmod@counter             cstackCOMRAM 000012
___lwmod@dividend            cstackCOMRAM 00000E
___lwmod@divisor             cstackCOMRAM 000010
___param_bank                (abs)        000000
___rparam_used               (abs)        000001
___sp                        stack        000000
___xxtofl                    text7        001290
___xxtofl@arg                cstackCOMRAM 000018
___xxtofl@exp                cstackCOMRAM 000017
___xxtofl@sign               cstackCOMRAM 000016
___xxtofl@val                cstackCOMRAM 00000E
__accesstop                  (abs)        000080
__activetblptr               (abs)        000001
__end_of_ISR                 intcode_body 001C34
__end_of_SetDutyCycleTo      text6        00175A
__end_of___fladd             text11       000ACC
__end_of___fldiv             text10       001290
__end_of___flmul             text9        000EF6
__end_of___fltol             text8        00165C
__end_of___lwdiv             text5        001B5A
__end_of___lwmod             text4        001C98
__end_of___xxtofl            text7        001444
__end_of__initialization     cinit        001D52
__end_of_count_digit         text3        001854
__end_of_delay               text2        001D46
__end_of_display             text1        001A1A
__end_of_main                text0        001556
__end_of_value               smallconst   00060B
__end_ofi2___lwdiv           text16       001BCE
__end_ofi2___lwmod           text15       001CFC
__end_ofi2_count_digit       text14       00194E
__end_ofi2_display           text13       001AE6
__initialization             cinit        001D46
__mediumconst                mediumconst  000000
__pbssCOMRAM                 bssCOMRAM    000057
__pcinit                     cinit        001D46
__pcstackBANK0               cstackBANK0  000080
__pcstackCOMRAM              cstackCOMRAM 000001
__pintcode                   intcode      000008
__pintcode_body              intcode_body 001BCE
__psmallconst                smallconst   000600
__ptext0                     text0        001444
__ptext1                     text1        00194E
__ptext10                    text10       000EF6
__ptext11                    text11       00060C
__ptext13                    text13       001A1A
__ptext14                    text14       001854
__ptext15                    text15       001C98
__ptext16                    text16       001B5A
__ptext2                     text2        001CFC
__ptext3                     text3        00175A
__ptext4                     text4        001C34
__ptext5                     text5        001AE6
__ptext6                     text6        00165C
__ptext7                     text7        001290
__ptext8                     text8        001556
__ptext9                     text9        000ACC
__ramtop                     ramtop       000600
__size_of_ISR                (abs)        000000
__size_of_SetDutyCycleTo     (abs)        000000
__size_of___fladd            (abs)        000000
__size_of___fldiv            (abs)        000000
__size_of___flmul            (abs)        000000
__size_of___fltol            (abs)        000000
__size_of___lwdiv            (abs)        000000
__size_of___lwmod            (abs)        000000
__size_of___xxtofl           (abs)        000000
__size_of_count_digit        (abs)        000000
__size_of_delay              (abs)        000000
__size_of_display            (abs)        000000
__size_of_main               (abs)        000000
__size_ofi2___lwdiv          (abs)        000000
__size_ofi2___lwmod          (abs)        000000
__size_ofi2_count_digit      (abs)        000000
__size_ofi2_display          (abs)        000000
__smallconst                 smallconst   000600
_count                       bssCOMRAM    000065
_count_digit                 text3        00175A
_delay                       text2        001CFC
_delay_forsecond             bssCOMRAM    000057
_display                     text1        00194E
_i                           bssCOMRAM    00006B
_j                           bssCOMRAM    000069
_k                           bssCOMRAM    000067
_main                        text0        001444
_num0                        bssCOMRAM    000063
_num1                        bssCOMRAM    000061
_num2                        bssCOMRAM    00005F
_num3                        bssCOMRAM    00005D
_num4                        bssCOMRAM    00005B
_time                        bssCOMRAM    000059
_value                       smallconst   000601
btemp                        temp         00006D
delay@i                      cstackCOMRAM 000010
delay@j                      cstackCOMRAM 000012
delay@val                    cstackCOMRAM 00000E
end_of_initialization        cinit        001D52
i2___lwdiv                   text16       001B5A
i2___lwdiv@counter           cstackCOMRAM 000007
i2___lwdiv@dividend          cstackCOMRAM 000001
i2___lwdiv@divisor           cstackCOMRAM 000003
i2___lwdiv@quotient          cstackCOMRAM 000005
i2___lwmod                   text15       001C98
i2___lwmod@counter           cstackCOMRAM 000005
i2___lwmod@dividend          cstackCOMRAM 000001
i2___lwmod@divisor           cstackCOMRAM 000003
i2_count_digit               text14       001854
i2_display                   text13       001A1A
int$flags                    temp         00006D
int_func                     intcode_body 001BCE
intlevel0                    text         000000
intlevel1                    text         000000
intlevel2                    text         000000
intlevel3                    text         000000
stackhi                      (abs)        0005F3
stacklo                      (abs)        000086
start                        init         00000E
start_initialization         cinit        001D46
ttemp5                       temp         00006E
ttemp6                       temp         000071
ttemp7                       temp         000075
wtemp8                       temp         00006E


FUNCTION INFORMATION:

 *************** function _main *****************
 Defined at:
		line 92 in file "newmain.c"
 Parameters:    Size  Location     Type
		None
 Auto vars:     Size  Location     Type
  Period          2    0        int 
  digit           1    0        unsigned char 
 Return value:  Size  Location     Type
                  1    wreg      void 
 Registers used:
		wreg, status,2, status,0, tblptrl, tblptrh, tblptru, prodl, prodh, cstack
 Tracked objects:
		On entry : 
		On exit  : 
		Unchanged: 
 Data sizes:     COMRAM   BANK0   BANK1   BANK2   BANK3   BANK4   BANK5
      Params:         0       0       0       0       0       0       0
      Locals:         3       0       0       0       0       0       0
      Temps:          0       0       0       0       0       0       0
      Totals:         3       0       0       0       0       0       0
Total ram usage:        3 bytes
 Hardware stack levels required when called:    5
 This function calls:
		_SetDutyCycleTo
		_count_digit
		_delay
		_display
 This function is called by:
		Startup code after reset
 This function uses a non-reentrant model


 *************** function _display *****************
 Defined at:
		line 200 in file "newmain.c"
 Parameters:    Size  Location     Type
		None
 Auto vars:     Size  Location     Type
		None
 Return value:  Size  Location     Type
                  1    wreg      void 
 Registers used:
		wreg, status,2, status,0, tblptrl, tblptrh, tblptru
 Tracked objects:
		On entry : 
		On exit  : 
		Unchanged: 
 Data sizes:     COMRAM   BANK0   BANK1   BANK2   BANK3   BANK4   BANK5
      Params:         0       0       0       0       0       0       0
      Locals:         0       0       0       0       0       0       0
      Temps:          1       0       0       0       0       0       0
      Totals:         1       0       0       0       0       0       0
Total ram usage:        1 bytes
 Hardware stack levels used:    1
 Hardware stack levels required when called:    3
 This function calls:
		Nothing
 This function is called by:
		_main
		_count_down
 This function uses a non-reentrant model


 *************** function _delay *****************
 Defined at:
		line 86 in file "newmain.c"
 Parameters:    Size  Location     Type
  val             2   13[COMRAM] unsigned int 
 Auto vars:     Size  Location     Type
  j               2   17[COMRAM] unsigned int 
  i               2   15[COMRAM] unsigned int 
 Return value:  Size  Location     Type
                  1    wreg      void 
 Registers used:
		wreg, status,2, status,0
 Tracked objects:
		On entry : 
		On exit  : 
		Unchanged: 
 Data sizes:     COMRAM   BANK0   BANK1   BANK2   BANK3   BANK4   BANK5
      Params:         2       0       0       0       0       0       0
      Locals:         4       0       0       0       0       0       0
      Temps:          0       0       0       0       0       0       0
      Totals:         6       0       0       0       0       0       0
Total ram usage:        6 bytes
 Hardware stack levels used:    1
 Hardware stack levels required when called:    3
 This function calls:
		Nothing
 This function is called by:
		_main
 This function uses a non-reentrant model


 *************** function _count_digit *****************
 Defined at:
		line 182 in file "newmain.c"
 Parameters:    Size  Location     Type
		None
 Auto vars:     Size  Location     Type
		None
 Return value:  Size  Location     Type
                  1    wreg      void 
 Registers used:
		wreg, status,2, status,0, cstack
 Tracked objects:
		On entry : 
		On exit  : 
		Unchanged: 
 Data sizes:     COMRAM   BANK0   BANK1   BANK2   BANK3   BANK4   BANK5
      Params:         0       0       0       0       0       0       0
      Locals:         0       0       0       0       0       0       0
      Temps:          0       0       0       0       0       0       0
      Totals:         0       0       0       0       0       0       0
Total ram usage:        0 bytes
 Hardware stack levels used:    1
 Hardware stack levels required when called:    4
 This function calls:
		___lwdiv
		___lwmod
 This function is called by:
		_main
 This function uses a non-reentrant model


 *************** function ___lwmod *****************
 Defined at:
		line 7 in file "C:\Program Files (x86)\Microchip\xc8\v2.10\pic\sources\c99\common\lwmod.c"
 Parameters:    Size  Location     Type
  dividend        2   13[COMRAM] unsigned int 
  divisor         2   15[COMRAM] unsigned int 
 Auto vars:     Size  Location     Type
  counter         1   17[COMRAM] unsigned char 
 Return value:  Size  Location     Type
                  2   13[COMRAM] unsigned int 
 Registers used:
		wreg, status,2, status,0
 Tracked objects:
		On entry : 
		On exit  : 
		Unchanged: 
 Data sizes:     COMRAM   BANK0   BANK1   BANK2   BANK3   BANK4   BANK5
      Params:         4       0       0       0       0       0       0
      Locals:         1       0       0       0       0       0       0
      Temps:          0       0       0       0       0       0       0
      Totals:         5       0       0       0       0       0       0
Total ram usage:        5 bytes
 Hardware stack levels used:    1
 Hardware stack levels required when called:    3
 This function calls:
		Nothing
 This function is called by:
		_count_digit
 This function uses a non-reentrant model


 *************** function ___lwdiv *****************
 Defined at:
		line 7 in file "C:\Program Files (x86)\Microchip\xc8\v2.10\pic\sources\c99\common\lwdiv.c"
 Parameters:    Size  Location     Type
  dividend        2   13[COMRAM] unsigned int 
  divisor         2   15[COMRAM] unsigned int 
 Auto vars:     Size  Location     Type
  quotient        2   17[COMRAM] unsigned int 
  counter         1   19[COMRAM] unsigned char 
 Return value:  Size  Location     Type
                  2   13[COMRAM] unsigned int 
 Registers used:
		wreg, status,2, status,0
 Tracked objects:
		On entry : 
		On exit  : 
		Unchanged: 
 Data sizes:     COMRAM   BANK0   BANK1   BANK2   BANK3   BANK4   BANK5
      Params:         4       0       0       0       0       0       0
      Locals:         3       0       0       0       0       0       0
      Temps:          0       0       0       0       0       0       0
      Totals:         7       0       0       0       0       0       0
Total ram usage:        7 bytes
 Hardware stack levels used:    1
 Hardware stack levels required when called:    3
 This function calls:
		Nothing
 This function is called by:
		_count_digit
 This function uses a non-reentrant model


 *************** function _SetDutyCycleTo *****************
 Defined at:
		line 78 in file "newmain.c"
 Parameters:    Size  Location     Type
  Duty_cycle      4   78[COMRAM] float 
  Period          2   82[COMRAM] int 
 Auto vars:     Size  Location     Type
  PWM10BitValu    2    4[BANK0 ] int 
 Return value:  Size  Location     Type
                  1    wreg      void 
 Registers used:
		wreg, status,2, status,0, prodl, prodh, cstack
 Tracked objects:
		On entry : 
		On exit  : 
		Unchanged: 
 Data sizes:     COMRAM   BANK0   BANK1   BANK2   BANK3   BANK4   BANK5
      Params:         6       0       0       0       0       0       0
      Locals:         0       6       0       0       0       0       0
      Temps:          2       0       0       0       0       0       0
      Totals:         8       6       0       0       0       0       0
Total ram usage:       14 bytes
 Hardware stack levels used:    1
 Hardware stack levels required when called:    4
 This function calls:
		___fladd
		___fldiv
		___flmul
		___fltol
		___xxtofl
 This function is called by:
		_main
 This function uses a non-reentrant model


 *************** function ___xxtofl *****************
 Defined at:
		line 10 in file "C:\Program Files (x86)\Microchip\xc8\v2.10\pic\sources\c99\common\xxtofl.c"
 Parameters:    Size  Location     Type
  sign            1    wreg     unsigned char 
  val             4   13[COMRAM] long 
 Auto vars:     Size  Location     Type
  sign            1   21[COMRAM] unsigned char 
  arg             4   23[COMRAM] unsigned long 
  exp             1   22[COMRAM] unsigned char 
 Return value:  Size  Location     Type
                  4   13[COMRAM] unsigned char 
 Registers used:
		wreg, status,2, status,0
 Tracked objects:
		On entry : 
		On exit  : 
		Unchanged: 
 Data sizes:     COMRAM   BANK0   BANK1   BANK2   BANK3   BANK4   BANK5
      Params:         4       0       0       0       0       0       0
      Locals:         6       0       0       0       0       0       0
      Temps:          4       0       0       0       0       0       0
      Totals:        14       0       0       0       0       0       0
Total ram usage:       14 bytes
 Hardware stack levels used:    1
 Hardware stack levels required when called:    3
 This function calls:
		Nothing
 This function is called by:
		_SetDutyCycleTo
 This function uses a non-reentrant model


 *************** function ___fltol *****************
 Defined at:
		line 43 in file "C:\Program Files (x86)\Microchip\xc8\v2.10\pic\sources\c99\common\fltol.c"
 Parameters:    Size  Location     Type
  f1              4   68[COMRAM] unsigned char 
 Auto vars:     Size  Location     Type
  exp1            1   77[COMRAM] unsigned char 
  sign1           1   76[COMRAM] unsigned char 
 Return value:  Size  Location     Type
                  4   68[COMRAM] long 
 Registers used:
		wreg, status,2, status,0
 Tracked objects:
		On entry : 
		On exit  : 
		Unchanged: 
 Data sizes:     COMRAM   BANK0   BANK1   BANK2   BANK3   BANK4   BANK5
      Params:         4       0       0       0       0       0       0
      Locals:         2       0       0       0       0       0       0
      Temps:          4       0       0       0       0       0       0
      Totals:        10       0       0       0       0       0       0
Total ram usage:       10 bytes
 Hardware stack levels used:    1
 Hardware stack levels required when called:    3
 This function calls:
		Nothing
 This function is called by:
		_SetDutyCycleTo
 This function uses a non-reentrant model


 *************** function ___flmul *****************
 Defined at:
		line 8 in file "C:\Program Files (x86)\Microchip\xc8\v2.10\pic\sources\c99\common\sprcmul.c"
 Parameters:    Size  Location     Type
  b               4   43[COMRAM] long 
  a               4   47[COMRAM] long 
 Auto vars:     Size  Location     Type
  prod            4   62[COMRAM] struct .
  grs             4   57[COMRAM] unsigned long 
  temp            2   66[COMRAM] struct .
  bexp            1   61[COMRAM] unsigned char 
  aexp            1   56[COMRAM] unsigned char 
  sign            1   55[COMRAM] unsigned char 
 Return value:  Size  Location     Type
                  4   43[COMRAM] unsigned char 
 Registers used:
		wreg, status,2, status,0, prodl, prodh
 Tracked objects:
		On entry : 
		On exit  : 
		Unchanged: 
 Data sizes:     COMRAM   BANK0   BANK1   BANK2   BANK3   BANK4   BANK5
      Params:         8       0       0       0       0       0       0
      Locals:        13       0       0       0       0       0       0
      Temps:          4       0       0       0       0       0       0
      Totals:        25       0       0       0       0       0       0
Total ram usage:       25 bytes
 Hardware stack levels used:    1
 Hardware stack levels required when called:    3
 This function calls:
		Nothing
 This function is called by:
		_SetDutyCycleTo
 This function uses a non-reentrant model


 *************** function ___fldiv *****************
 Defined at:
		line 11 in file "C:\Program Files (x86)\Microchip\xc8\v2.10\pic\sources\c99\common\sprcdiv.c"
 Parameters:    Size  Location     Type
  b               4   13[COMRAM] unsigned char 
  a               4   17[COMRAM] unsigned char 
 Auto vars:     Size  Location     Type
  grs             4   32[COMRAM] unsigned long 
  rem             4   25[COMRAM] unsigned long 
  new_exp         2   30[COMRAM] short 
  aexp            1   37[COMRAM] unsigned char 
  bexp            1   36[COMRAM] unsigned char 
  sign            1   29[COMRAM] unsigned char 
 Return value:  Size  Location     Type
                  4   13[COMRAM] unsigned char 
 Registers used:
		wreg, status,2, status,0
 Tracked objects:
		On entry : 
		On exit  : 
		Unchanged: 
 Data sizes:     COMRAM   BANK0   BANK1   BANK2   BANK3   BANK4   BANK5
      Params:         8       0       0       0       0       0       0
      Locals:        13       0       0       0       0       0       0
      Temps:          4       0       0       0       0       0       0
      Totals:        25       0       0       0       0       0       0
Total ram usage:       25 bytes
 Hardware stack levels used:    1
 Hardware stack levels required when called:    3
 This function calls:
		Nothing
 This function is called by:
		_SetDutyCycleTo
 This function uses a non-reentrant model


 *************** function ___fladd *****************
 Defined at:
		line 10 in file "C:\Program Files (x86)\Microchip\xc8\v2.10\pic\sources\c99\common\sprcadd.c"
 Parameters:    Size  Location     Type
  b               4   27[COMRAM] unsigned char 
  a               4   31[COMRAM] unsigned char 
 Auto vars:     Size  Location     Type
  grs             1   42[COMRAM] unsigned char 
  bexp            1   41[COMRAM] unsigned char 
  aexp            1   40[COMRAM] unsigned char 
  signs           1   39[COMRAM] unsigned char 
 Return value:  Size  Location     Type
                  4   27[COMRAM] unsigned char 
 Registers used:
		wreg, status,2, status,0
 Tracked objects:
		On entry : 
		On exit  : 
		Unchanged: 
 Data sizes:     COMRAM   BANK0   BANK1   BANK2   BANK3   BANK4   BANK5
      Params:         8       0       0       0       0       0       0
      Locals:         4       0       0       0       0       0       0
      Temps:          4       0       0       0       0       0       0
      Totals:        16       0       0       0       0       0       0
Total ram usage:       16 bytes
 Hardware stack levels used:    1
 Hardware stack levels required when called:    3
 This function calls:
		Nothing
 This function is called by:
		_SetDutyCycleTo
 This function uses a non-reentrant model


 *************** function _ISR *****************
 Defined at:
		line 168 in file "newmain.c"
 Parameters:    Size  Location     Type
		None
 Auto vars:     Size  Location     Type
		None
 Return value:  Size  Location     Type
                  1    wreg      void 
 Registers used:
		wreg, status,2, status,0, tblptrl, tblptrh, tblptru, cstack
 Tracked objects:
		On entry : 
		On exit  : 
		Unchanged: 
 Data sizes:     COMRAM   BANK0   BANK1   BANK2   BANK3   BANK4   BANK5
      Params:         0       0       0       0       0       0       0
      Locals:         0       0       0       0       0       0       0
      Temps:          6       0       0       0       0       0       0
      Totals:         6       0       0       0       0       0       0
Total ram usage:        6 bytes
 Hardware stack levels used:    1
 Hardware stack levels required when called:    2
 This function calls:
		i2_count_digit
		i2_display
 This function is called by:
		Interrupt level 2
 This function uses a non-reentrant model


 *************** function i2_display *****************
 Defined at:
		line 200 in file "newmain.c"
 Parameters:    Size  Location     Type
		None
 Auto vars:     Size  Location     Type
		None
 Return value:  Size  Location     Type
                  1    wreg      void 
 Registers used:
		wreg, status,2, status,0, tblptrl, tblptrh, tblptru
 Tracked objects:
		On entry : 
		On exit  : 
		Unchanged: 
 Data sizes:     COMRAM   BANK0   BANK1   BANK2   BANK3   BANK4   BANK5
      Params:         0       0       0       0       0       0       0
      Locals:         0       0       0       0       0       0       0
      Temps:          1       0       0       0       0       0       0
      Totals:         1       0       0       0       0       0       0
Total ram usage:        1 bytes
 Hardware stack levels used:    1
 This function calls:
		Nothing
 This function is called by:
		_ISR
 This function uses a non-reentrant model


 *************** function i2_count_digit *****************
 Defined at:
		line 182 in file "newmain.c"
 Parameters:    Size  Location     Type
		None
 Auto vars:     Size  Location     Type
		None
 Return value:  Size  Location     Type
                  1    wreg      void 
 Registers used:
		wreg, status,2, status,0, cstack
 Tracked objects:
		On entry : 
		On exit  : 
		Unchanged: 
 Data sizes:     COMRAM   BANK0   BANK1   BANK2   BANK3   BANK4   BANK5
      Params:         0       0       0       0       0       0       0
      Locals:         0       0       0       0       0       0       0
      Temps:          0       0       0       0       0       0       0
      Totals:         0       0       0       0       0       0       0
Total ram usage:        0 bytes
 Hardware stack levels used:    1
 Hardware stack levels required when called:    1
 This function calls:
		i2___lwdiv
		i2___lwmod
 This function is called by:
		_ISR
 This function uses a non-reentrant model


 *************** function i2___lwmod *****************
 Defined at:
		line 7 in file "C:\Program Files (x86)\Microchip\xc8\v2.10\pic\sources\c99\common\lwmod.c"
 Parameters:    Size  Location     Type
  dividend        2    0[COMRAM] unsigned int 
  divisor         2    2[COMRAM] unsigned int 
 Auto vars:     Size  Location     Type
  __lwmod         1    4[COMRAM] unsigned char 
 Return value:  Size  Location     Type
                  2    0[COMRAM] unsigned int 
 Registers used:
		wreg, status,2, status,0
 Tracked objects:
		On entry : 
		On exit  : 
		Unchanged: 
 Data sizes:     COMRAM   BANK0   BANK1   BANK2   BANK3   BANK4   BANK5
      Params:         4       0       0       0       0       0       0
      Locals:         1       0       0       0       0       0       0
      Temps:          0       0       0       0       0       0       0
      Totals:         5       0       0       0       0       0       0
Total ram usage:        5 bytes
 Hardware stack levels used:    1
 This function calls:
		Nothing
 This function is called by:
		i2_count_digit
 This function uses a non-reentrant model


 *************** function i2___lwdiv *****************
 Defined at:
		line 7 in file "C:\Program Files (x86)\Microchip\xc8\v2.10\pic\sources\c99\common\lwdiv.c"
 Parameters:    Size  Location     Type
  dividend        2    0[COMRAM] unsigned int 
  divisor         2    2[COMRAM] unsigned int 
 Auto vars:     Size  Location     Type
  __lwdiv         2    4[COMRAM] unsigned int 
  __lwdiv         1    6[COMRAM] unsigned char 
 Return value:  Size  Location     Type
                  2    0[COMRAM] unsigned int 
 Registers used:
		wreg, status,2, status,0
 Tracked objects:
		On entry : 
		On exit  : 
		Unchanged: 
 Data sizes:     COMRAM   BANK0   BANK1   BANK2   BANK3   BANK4   BANK5
      Params:         4       0       0       0       0       0       0
      Locals:         3       0       0       0       0       0       0
      Temps:          0       0       0       0       0       0       0
      Totals:         7       0       0       0       0       0       0
Total ram usage:        7 bytes
 Hardware stack levels used:    1
 This function calls:
		Nothing
 This function is called by:
		i2_count_digit
 This function uses a non-reentrant model



MODULE INFORMATION

Module		Function		Class		Link	Load	Size
C:\Program Files (x86)\Microchip\xc8\v2.10\pic\sources\c99\common\xxtofl.c
		___xxtofl      		CODE           	1290	0000	437

C:\Program Files (x86)\Microchip\xc8\v2.10\pic\sources\c99\common\xxtofl.c estimated size: 437

C:\Program Files (x86)\Microchip\xc8\v2.10\pic\sources\c99\common\lwdiv.c
		___lwdiv       		CODE           	1AE6	0000	117

C:\Program Files (x86)\Microchip\xc8\v2.10\pic\sources\c99\common\lwdiv.c estimated size: 117

C:\Program Files (x86)\Microchip\xc8\v2.10\pic\sources\c99\common\fltol.c
		___fltol       		CODE           	1556	0000	263

C:\Program Files (x86)\Microchip\xc8\v2.10\pic\sources\c99\common\fltol.c estimated size: 263

C:\Program Files (x86)\Microchip\xc8\v2.10\pic\sources\c99\common\sprcmul.c
		___flmul       		CODE           	0ACC	0000	1067

C:\Program Files (x86)\Microchip\xc8\v2.10\pic\sources\c99\common\sprcmul.c estimated size: 1067

C:\Program Files (x86)\Microchip\xc8\v2.10\pic\sources\c99\common\sprcdiv.c
		___fldiv       		CODE           	0EF6	0000	923

C:\Program Files (x86)\Microchip\xc8\v2.10\pic\sources\c99\common\sprcdiv.c estimated size: 923

newmain.c
		_delay         		CODE           	1CFC	0000	75
		_ISR           		CODE           	0008	0000	109
		_display       		CODE           	194E	0000	205
		_main          		CODE           	1444	0000	275
		_count_digit   		CODE           	175A	0000	251
		_SetDutyCycleTo		CODE           	165C	0000	255

newmain.c estimated size: 1170

shared
		i2___lwdiv     		CODE           	1B5A	0000	117
		i2_count_digit 		CODE           	1854	0000	251
		i2___lwmod     		CODE           	1C98	0000	101
		__initialization		CODE           	1D46	0000	13
		_value         		SMALLCONST     	0601	0000	11
		i2_display     		CODE           	1A1A	0000	205

shared estimated size: 698

C:\Program Files (x86)\Microchip\xc8\v2.10\pic\sources\c99\common\sprcadd.c
		___fladd       		CODE           	060C	0000	1217

C:\Program Files (x86)\Microchip\xc8\v2.10\pic\sources\c99\common\sprcadd.c estimated size: 1217

C:\Program Files (x86)\Microchip\xc8\v2.10\pic\sources\c99\common\lwmod.c
		___lwmod       		CODE           	1C34	0000	101

C:\Program Files (x86)\Microchip\xc8\v2.10\pic\sources\c99\common\lwmod.c estimated size: 101

